python : Creating 
test database for 
alias 'default'...
At line:1 char:1
+ python manage.py 
test groups.tests_fea
tures > 
test_output.txt 2>&1
+ ~~~~~~~~~~~~~~~~~~~
~~~~~~~~~~~~~~~~~~~~~
~~~~~~~~~~~~~~~~~~~~~
~~~~~
    + CategoryInfo   
           : NotSpe  
  cified: (Creatin   
 g test d...as 'd    
efault'...:Strin    
g) [], RemoteExc    
eption
    + FullyQualified 
   ErrorId : Native  
  CommandError
 

Found 3 test(s).
System check identified no issues (0 silenced).
EEE
=====================
=====================
=====================
=======
ERROR: test_leave_gro
up_fail_debt (groups.
tests_features.GroupF
eatureTests.test_leav
e_group_fail_debt)
---------------------
---------------------
---------------------
-------
Traceback (most 
recent call last):
  File "C:\Users\gunj
a\OneDrive\Desktop\Pr
ojects\Django\project
\groups\tests_feature
s.py", line 14, in 
setUp
    self.client = 
Client()
                  
^^^^^^
NameError: name 
'Client' is not 
defined

=====================
=====================
=====================
=======
ERROR: test_leave_gro
up_success (groups.te
sts_features.GroupFea
tureTests.test_leave_
group_success)
---------------------
---------------------
---------------------
-------
Traceback (most 
recent call last):
  File "C:\Users\gunj
a\OneDrive\Desktop\Pr
ojects\Django\project
\groups\tests_feature
s.py", line 14, in 
setUp
    self.client = 
Client()
                  
^^^^^^
NameError: name 
'Client' is not 
defined

=====================
=====================
=====================
=======
ERROR: 
test_settle_up (group
s.tests_features.Grou
pFeatureTests.test_se
ttle_up)
---------------------
---------------------
---------------------
-------
Traceback (most 
recent call last):
  File "C:\Users\gunj
a\OneDrive\Desktop\Pr
ojects\Django\project
\groups\tests_feature
s.py", line 14, in 
setUp
    self.client = 
Client()
                  
^^^^^^
NameError: name 
'Client' is not 
defined

---------------------
---------------------
---------------------
-------
Ran 3 tests in 2.719s

FAILED (errors=3)
Destroying test 
database for alias 
'default'...

